# 58 "indent_tests.adoc"
let a =
# 65 "indent_tests.adoc"
    let b = 1 + 
# 71 "indent_tests.adoc"
                123123
# 65 "indent_tests.adoc"
    
# 59 "indent_tests.adoc"

